<?xml version="1.0" encoding="ISO-8859-1" ?>
<link_info>
   <banner>TI ARM Linker Unix v20.2.7.LTS</banner>
   <copyright>Copyright (c) 1996-2018 Texas Instruments Incorporated</copyright>
   <link_time>0x67a83dfa</link_time>
   <link_errors>0x0</link_errors>
   <output_file>spi_demo.out</output_file>
   <entry_point>
      <name>_c_int00_noargs</name>
      <address>0x20008421</address>
   </entry_point>
   <input_file_list>
      <input_file id="fl-1">
         <path>./</path>
         <kind>object</kind>
         <file>Adafruit_GFX.obj</file>
         <name>Adafruit_GFX.obj</name>
      </input_file>
      <input_file id="fl-2">
         <path>./</path>
         <kind>object</kind>
         <file>Adafruit_OLED.obj</file>
         <name>Adafruit_OLED.obj</name>
      </input_file>
      <input_file id="fl-3">
         <path>./</path>
         <kind>object</kind>
         <file>i2c_if.obj</file>
         <name>i2c_if.obj</name>
      </input_file>
      <input_file id="fl-4">
         <path>./</path>
         <kind>object</kind>
         <file>main.obj</file>
         <name>main.obj</name>
      </input_file>
      <input_file id="fl-5">
         <path>./</path>
         <kind>object</kind>
         <file>oled_test.obj</file>
         <name>oled_test.obj</name>
      </input_file>
      <input_file id="fl-6">
         <path>./</path>
         <kind>object</kind>
         <file>pin_mux_config.obj</file>
         <name>pin_mux_config.obj</name>
      </input_file>
      <input_file id="fl-7">
         <path>./</path>
         <kind>object</kind>
         <file>startup_ccs.obj</file>
         <name>startup_ccs.obj</name>
      </input_file>
      <input_file id="fl-8">
         <path>./</path>
         <kind>object</kind>
         <file>uart_if.obj</file>
         <name>uart_if.obj</name>
      </input_file>
      <input_file id="fl-d">
         <kind>object</kind>
         <file>&lt;internal&gt;</file>
         <name>&lt;internal&gt;</name>
      </input_file>
      <input_file id="fl-e">
         <path>/Applications/TI/lib/cc3200sdk_1.5.0/cc3200-sdk/driverlib/ccs/Release/</path>
         <kind>archive</kind>
         <file>driverlib.a</file>
         <name>gpio.obj</name>
      </input_file>
      <input_file id="fl-f">
         <path>/Applications/TI/lib/cc3200sdk_1.5.0/cc3200-sdk/driverlib/ccs/Release/</path>
         <kind>archive</kind>
         <file>driverlib.a</file>
         <name>i2c.obj</name>
      </input_file>
      <input_file id="fl-10">
         <path>/Applications/TI/lib/cc3200sdk_1.5.0/cc3200-sdk/driverlib/ccs/Release/</path>
         <kind>archive</kind>
         <file>driverlib.a</file>
         <name>interrupt.obj</name>
      </input_file>
      <input_file id="fl-11">
         <path>/Applications/TI/lib/cc3200sdk_1.5.0/cc3200-sdk/driverlib/ccs/Release/</path>
         <kind>archive</kind>
         <file>driverlib.a</file>
         <name>pin.obj</name>
      </input_file>
      <input_file id="fl-12">
         <path>/Applications/TI/lib/cc3200sdk_1.5.0/cc3200-sdk/driverlib/ccs/Release/</path>
         <kind>archive</kind>
         <file>driverlib.a</file>
         <name>prcm.obj</name>
      </input_file>
      <input_file id="fl-13">
         <path>/Applications/TI/lib/cc3200sdk_1.5.0/cc3200-sdk/driverlib/ccs/Release/</path>
         <kind>archive</kind>
         <file>driverlib.a</file>
         <name>spi.obj</name>
      </input_file>
      <input_file id="fl-14">
         <path>/Applications/TI/lib/cc3200sdk_1.5.0/cc3200-sdk/driverlib/ccs/Release/</path>
         <kind>archive</kind>
         <file>driverlib.a</file>
         <name>uart.obj</name>
      </input_file>
      <input_file id="fl-15">
         <path>/Applications/TI/lib/cc3200sdk_1.5.0/cc3200-sdk/driverlib/ccs/Release/</path>
         <kind>archive</kind>
         <file>driverlib.a</file>
         <name>utils.obj</name>
      </input_file>
      <input_file id="fl-16">
         <path>/Applications/TI/lib/cc3200sdk_1.5.0/cc3200-sdk/driverlib/ccs/Release/</path>
         <kind>archive</kind>
         <file>driverlib.a</file>
         <name>cpu.obj</name>
      </input_file>
      <input_file id="fl-17">
         <path>/Applications/TI/lib/cc3200sdk_1.5.0/cc3200-sdk/driverlib/ccs/Release/</path>
         <kind>archive</kind>
         <file>driverlib.a</file>
         <name>flash.obj</name>
      </input_file>
      <input_file id="fl-cd">
         <path>/Applications/TI/ccs/tools/compiler/ti-cgt-arm_20.2.7.LTS/lib/</path>
         <kind>archive</kind>
         <file>rtsv7M4_T_le_eabi.lib</file>
         <name>vsnprintf.c.obj</name>
      </input_file>
      <input_file id="fl-ce">
         <path>/Applications/TI/ccs/tools/compiler/ti-cgt-arm_20.2.7.LTS/lib/</path>
         <kind>archive</kind>
         <file>rtsv7M4_T_le_eabi.lib</file>
         <name>fd_div_t2.asm.obj</name>
      </input_file>
      <input_file id="fl-cf">
         <path>/Applications/TI/ccs/tools/compiler/ti-cgt-arm_20.2.7.LTS/lib/</path>
         <kind>archive</kind>
         <file>rtsv7M4_T_le_eabi.lib</file>
         <name>fd_mul_t2.asm.obj</name>
      </input_file>
      <input_file id="fl-d0">
         <path>/Applications/TI/ccs/tools/compiler/ti-cgt-arm_20.2.7.LTS/lib/</path>
         <kind>archive</kind>
         <file>rtsv7M4_T_le_eabi.lib</file>
         <name>fd_toi_t2.asm.obj</name>
      </input_file>
      <input_file id="fl-d1">
         <path>/Applications/TI/ccs/tools/compiler/ti-cgt-arm_20.2.7.LTS/lib/</path>
         <kind>archive</kind>
         <file>rtsv7M4_T_le_eabi.lib</file>
         <name>i_tofd_t2.asm.obj</name>
      </input_file>
      <input_file id="fl-d2">
         <path>/Applications/TI/ccs/tools/compiler/ti-cgt-arm_20.2.7.LTS/lib/</path>
         <kind>archive</kind>
         <file>rtsv7M4_T_le_eabi.lib</file>
         <name>memcpy_t2.asm.obj</name>
      </input_file>
      <input_file id="fl-d3">
         <path>/Applications/TI/ccs/tools/compiler/ti-cgt-arm_20.2.7.LTS/lib/</path>
         <kind>archive</kind>
         <file>rtsv7M4_T_le_eabi.lib</file>
         <name>memset_t2.asm.obj</name>
      </input_file>
      <input_file id="fl-d4">
         <path>/Applications/TI/ccs/tools/compiler/ti-cgt-arm_20.2.7.LTS/lib/</path>
         <kind>archive</kind>
         <file>rtsv7M4_T_le_eabi.lib</file>
         <name>ull_div_t2.asm.obj</name>
      </input_file>
      <input_file id="fl-d5">
         <path>/Applications/TI/ccs/tools/compiler/ti-cgt-arm_20.2.7.LTS/lib/</path>
         <kind>archive</kind>
         <file>rtsv7M4_T_le_eabi.lib</file>
         <name>copy_zero_init.c.obj</name>
      </input_file>
      <input_file id="fl-d6">
         <path>/Applications/TI/ccs/tools/compiler/ti-cgt-arm_20.2.7.LTS/lib/</path>
         <kind>archive</kind>
         <file>rtsv7M4_T_le_eabi.lib</file>
         <name>copy_decompress_none.c.obj</name>
      </input_file>
      <input_file id="fl-d7">
         <path>/Applications/TI/ccs/tools/compiler/ti-cgt-arm_20.2.7.LTS/lib/</path>
         <kind>archive</kind>
         <file>rtsv7M4_T_le_eabi.lib</file>
         <name>copy_decompress_lzss.c.obj</name>
      </input_file>
      <input_file id="fl-d8">
         <path>/Applications/TI/ccs/tools/compiler/ti-cgt-arm_20.2.7.LTS/lib/</path>
         <kind>archive</kind>
         <file>rtsv7M4_T_le_eabi.lib</file>
         <name>memmov.c.obj</name>
      </input_file>
      <input_file id="fl-d9">
         <path>/Applications/TI/ccs/tools/compiler/ti-cgt-arm_20.2.7.LTS/lib/</path>
         <kind>archive</kind>
         <file>rtsv7M4_T_le_eabi.lib</file>
         <name>memory.c.obj</name>
      </input_file>
      <input_file id="fl-da">
         <path>/Applications/TI/ccs/tools/compiler/ti-cgt-arm_20.2.7.LTS/lib/</path>
         <kind>archive</kind>
         <file>rtsv7M4_T_le_eabi.lib</file>
         <name>strlen.c.obj</name>
      </input_file>
      <input_file id="fl-db">
         <path>/Applications/TI/ccs/tools/compiler/ti-cgt-arm_20.2.7.LTS/lib/</path>
         <kind>archive</kind>
         <file>rtsv7M4_T_le_eabi.lib</file>
         <name>boot_cortex_m.c.obj</name>
      </input_file>
      <input_file id="fl-dc">
         <path>/Applications/TI/ccs/tools/compiler/ti-cgt-arm_20.2.7.LTS/lib/</path>
         <kind>archive</kind>
         <file>rtsv7M4_T_le_eabi.lib</file>
         <name>_printfi.c.obj</name>
      </input_file>
      <input_file id="fl-dd">
         <path>/Applications/TI/ccs/tools/compiler/ti-cgt-arm_20.2.7.LTS/lib/</path>
         <kind>archive</kind>
         <file>rtsv7M4_T_le_eabi.lib</file>
         <name>div0.asm.obj</name>
      </input_file>
      <input_file id="fl-de">
         <path>/Applications/TI/ccs/tools/compiler/ti-cgt-arm_20.2.7.LTS/lib/</path>
         <kind>archive</kind>
         <file>rtsv7M4_T_le_eabi.lib</file>
         <name>fd_add_t2.asm.obj</name>
      </input_file>
      <input_file id="fl-df">
         <path>/Applications/TI/ccs/tools/compiler/ti-cgt-arm_20.2.7.LTS/lib/</path>
         <kind>archive</kind>
         <file>rtsv7M4_T_le_eabi.lib</file>
         <name>fd_cmp_t2.asm.obj</name>
      </input_file>
      <input_file id="fl-e0">
         <path>/Applications/TI/ccs/tools/compiler/ti-cgt-arm_20.2.7.LTS/lib/</path>
         <kind>archive</kind>
         <file>rtsv7M4_T_le_eabi.lib</file>
         <name>autoinit.c.obj</name>
      </input_file>
      <input_file id="fl-e1">
         <path>/Applications/TI/ccs/tools/compiler/ti-cgt-arm_20.2.7.LTS/lib/</path>
         <kind>archive</kind>
         <file>rtsv7M4_T_le_eabi.lib</file>
         <name>pre_init.c.obj</name>
      </input_file>
      <input_file id="fl-e2">
         <path>/Applications/TI/ccs/tools/compiler/ti-cgt-arm_20.2.7.LTS/lib/</path>
         <kind>archive</kind>
         <file>rtsv7M4_T_le_eabi.lib</file>
         <name>cpy_tbl.c.obj</name>
      </input_file>
      <input_file id="fl-e3">
         <path>/Applications/TI/ccs/tools/compiler/ti-cgt-arm_20.2.7.LTS/lib/</path>
         <kind>archive</kind>
         <file>rtsv7M4_T_le_eabi.lib</file>
         <name>exit.c.obj</name>
      </input_file>
      <input_file id="fl-e4">
         <path>/Applications/TI/ccs/tools/compiler/ti-cgt-arm_20.2.7.LTS/lib/</path>
         <kind>archive</kind>
         <file>rtsv7M4_T_le_eabi.lib</file>
         <name>_lock.c.obj</name>
      </input_file>
      <input_file id="fl-e5">
         <path>/Applications/TI/ccs/tools/compiler/ti-cgt-arm_20.2.7.LTS/lib/</path>
         <kind>archive</kind>
         <file>rtsv7M4_T_le_eabi.lib</file>
         <name>_ltoa.c.obj</name>
      </input_file>
      <input_file id="fl-e6">
         <path>/Applications/TI/ccs/tools/compiler/ti-cgt-arm_20.2.7.LTS/lib/</path>
         <kind>archive</kind>
         <file>rtsv7M4_T_le_eabi.lib</file>
         <name>args_main.c.obj</name>
      </input_file>
      <input_file id="fl-e7">
         <path>/Applications/TI/ccs/tools/compiler/ti-cgt-arm_20.2.7.LTS/lib/</path>
         <kind>archive</kind>
         <file>rtsv7M4_T_le_eabi.lib</file>
         <name>atoi.c.obj</name>
      </input_file>
      <input_file id="fl-e8">
         <path>/Applications/TI/ccs/tools/compiler/ti-cgt-arm_20.2.7.LTS/lib/</path>
         <kind>archive</kind>
         <file>rtsv7M4_T_le_eabi.lib</file>
         <name>ctype.c.obj</name>
      </input_file>
      <input_file id="fl-e9">
         <path>/Applications/TI/ccs/tools/compiler/ti-cgt-arm_20.2.7.LTS/lib/</path>
         <kind>archive</kind>
         <file>rtsv7M4_T_le_eabi.lib</file>
         <name>memccpy.c.obj</name>
      </input_file>
      <input_file id="fl-ea">
         <path>/Applications/TI/ccs/tools/compiler/ti-cgt-arm_20.2.7.LTS/lib/</path>
         <kind>archive</kind>
         <file>rtsv7M4_T_le_eabi.lib</file>
         <name>strchr.c.obj</name>
      </input_file>
      <input_file id="fl-eb">
         <path>/Applications/TI/ccs/tools/compiler/ti-cgt-arm_20.2.7.LTS/lib/</path>
         <kind>archive</kind>
         <file>rtsv7M4_T_le_eabi.lib</file>
         <name>errno.c.obj</name>
      </input_file>
      <input_file id="fl-ec">
         <path>/Applications/TI/ccs/tools/compiler/ti-cgt-arm_20.2.7.LTS/lib/</path>
         <kind>archive</kind>
         <file>rtsv7M4_T_le_eabi.lib</file>
         <name>wcslen.c.obj</name>
      </input_file>
      <input_file id="fl-ed">
         <path>/Applications/TI/ccs/tools/compiler/ti-cgt-arm_20.2.7.LTS/lib/</path>
         <kind>archive</kind>
         <file>rtsv7M4_T_le_eabi.lib</file>
         <name>s_frexp.c.obj</name>
      </input_file>
      <input_file id="fl-ee">
         <path>/Applications/TI/ccs/tools/compiler/ti-cgt-arm_20.2.7.LTS/lib/</path>
         <kind>archive</kind>
         <file>rtsv7M4_T_le_eabi.lib</file>
         <name>s_scalbn.c.obj</name>
      </input_file>
      <input_file id="fl-ef">
         <path>/Applications/TI/ccs/tools/compiler/ti-cgt-arm_20.2.7.LTS/lib/</path>
         <kind>archive</kind>
         <file>rtsv7M4_T_le_eabi.lib</file>
         <name>s_copysign.c.obj</name>
      </input_file>
   </input_file_list>
   <object_component_list>
      <object_component id="oc-12">
         <name>.intvecs</name>
         <load_address>0x20004000</load_address>
         <run_address>0x20004000</run_address>
         <size>0x400</size>
         <input_file_ref idref="fl-7"/>
      </object_component>
      <object_component id="oc-119">
         <name>.text</name>
         <load_address>0x20004400</load_address>
         <run_address>0x20004400</run_address>
         <size>0xa80</size>
         <input_file_ref idref="fl-1"/>
      </object_component>
      <object_component id="oc-2d6">
         <name>.text:__TI_printfi</name>
         <load_address>0x20004e80</load_address>
         <run_address>0x20004e80</run_address>
         <size>0xa4e</size>
         <input_file_ref idref="fl-dc"/>
      </object_component>
      <object_component id="oc-35c">
         <name>.text:_nop</name>
         <load_address>0x200058ce</load_address>
         <run_address>0x200058ce</run_address>
         <size>0x2</size>
         <input_file_ref idref="fl-e4"/>
      </object_component>
      <object_component id="oc-113">
         <name>.text</name>
         <load_address>0x200058d0</load_address>
         <run_address>0x200058d0</run_address>
         <size>0x4b6</size>
         <input_file_ref idref="fl-2"/>
      </object_component>
      <object_component id="oc-45d">
         <name>.text</name>
         <load_address>0x20005d86</load_address>
         <run_address>0x20005d86</run_address>
         <size>0x2</size>
         <input_file_ref idref="fl-dd"/>
      </object_component>
      <object_component id="oc-97">
         <name>.text</name>
         <load_address>0x20005d88</load_address>
         <run_address>0x20005d88</run_address>
         <size>0x354</size>
         <input_file_ref idref="fl-4"/>
      </object_component>
      <object_component id="oc-cb">
         <name>.text</name>
         <load_address>0x200060dc</load_address>
         <run_address>0x200060dc</run_address>
         <size>0x2a0</size>
         <input_file_ref idref="fl-3"/>
      </object_component>
      <object_component id="oc-c5">
         <name>.text</name>
         <load_address>0x2000637c</load_address>
         <run_address>0x2000637c</run_address>
         <size>0x27c</size>
         <input_file_ref idref="fl-8"/>
      </object_component>
      <object_component id="oc-3a0">
         <name>.text:_pconv_a</name>
         <load_address>0x200065f8</load_address>
         <run_address>0x200065f8</run_address>
         <size>0x268</size>
         <input_file_ref idref="fl-dc"/>
      </object_component>
      <object_component id="oc-38e">
         <name>.text:_pconv_g</name>
         <load_address>0x20006860</load_address>
         <run_address>0x20006860</run_address>
         <size>0x1cc</size>
         <input_file_ref idref="fl-dc"/>
      </object_component>
      <object_component id="oc-406">
         <name>.text</name>
         <load_address>0x20006a2c</load_address>
         <run_address>0x20006a2c</run_address>
         <size>0x1b6</size>
         <input_file_ref idref="fl-de"/>
      </object_component>
      <object_component id="oc-e3">
         <name>.text:PRCMCC3200MCUInit</name>
         <load_address>0x20006be4</load_address>
         <run_address>0x20006be4</run_address>
         <size>0x178</size>
         <input_file_ref idref="fl-12"/>
      </object_component>
      <object_component id="oc-39a">
         <name>.text:_pconv_e</name>
         <load_address>0x20006d5c</load_address>
         <run_address>0x20006d5c</run_address>
         <size>0x13c</size>
         <input_file_ref idref="fl-dc"/>
      </object_component>
      <object_component id="oc-124">
         <name>.text</name>
         <load_address>0x20006e98</load_address>
         <run_address>0x20006e98</run_address>
         <size>0x136</size>
         <input_file_ref idref="fl-ce"/>
      </object_component>
      <object_component id="oc-418">
         <name>.text:fcvt</name>
         <load_address>0x20006fd0</load_address>
         <run_address>0x20006fd0</run_address>
         <size>0x120</size>
         <input_file_ref idref="fl-dc"/>
      </object_component>
      <object_component id="oc-e9">
         <name>.text</name>
         <load_address>0x200070f0</load_address>
         <run_address>0x200070f0</run_address>
         <size>0x118</size>
         <input_file_ref idref="fl-6"/>
      </object_component>
      <object_component id="oc-2fa">
         <name>.text:aligned_alloc</name>
         <load_address>0x20007208</load_address>
         <run_address>0x20007208</run_address>
         <size>0x100</size>
         <input_file_ref idref="fl-d9"/>
      </object_component>
      <object_component id="oc-129">
         <name>.text</name>
         <load_address>0x20007308</load_address>
         <run_address>0x20007308</run_address>
         <size>0xfc</size>
         <input_file_ref idref="fl-cf"/>
      </object_component>
      <object_component id="oc-1b2">
         <name>.text:free</name>
         <load_address>0x20007404</load_address>
         <run_address>0x20007404</run_address>
         <size>0xe4</size>
         <input_file_ref idref="fl-d9"/>
      </object_component>
      <object_component id="oc-1ac">
         <name>.text:realloc</name>
         <load_address>0x200074e8</load_address>
         <run_address>0x200074e8</run_address>
         <size>0xe4</size>
         <input_file_ref idref="fl-d9"/>
      </object_component>
      <object_component id="oc-42c">
         <name>.text:scalbn</name>
         <load_address>0x200075cc</load_address>
         <run_address>0x200075cc</run_address>
         <size>0xd0</size>
         <input_file_ref idref="fl-ee"/>
      </object_component>
      <object_component id="oc-383">
         <name>.text:_ltostr</name>
         <load_address>0x2000769c</load_address>
         <run_address>0x2000769c</run_address>
         <size>0xb1</size>
         <input_file_ref idref="fl-dc"/>
      </object_component>
      <object_component id="oc-dd">
         <name>.text:IntEnable</name>
         <load_address>0x20007750</load_address>
         <run_address>0x20007750</run_address>
         <size>0xa8</size>
         <input_file_ref idref="fl-10"/>
      </object_component>
      <object_component id="oc-107">
         <name>.text:SPIConfigSetExpClk</name>
         <load_address>0x200077f8</load_address>
         <run_address>0x200077f8</run_address>
         <size>0xa0</size>
         <input_file_ref idref="fl-13"/>
      </object_component>
      <object_component id="oc-3d">
         <name>.text</name>
         <load_address>0x20007898</load_address>
         <run_address>0x20007898</run_address>
         <size>0x9c</size>
         <input_file_ref idref="fl-d2"/>
      </object_component>
      <object_component id="oc-3f4">
         <name>.text</name>
         <load_address>0x20007934</load_address>
         <run_address>0x20007934</run_address>
         <size>0x96</size>
         <input_file_ref idref="fl-d4"/>
      </object_component>
      <object_component id="oc-101">
         <name>.text:PRCMPeripheralClockGet</name>
         <load_address>0x200079cc</load_address>
         <run_address>0x200079cc</run_address>
         <size>0x94</size>
         <input_file_ref idref="fl-12"/>
      </object_component>
      <object_component id="oc-338">
         <name>.text:PinConfigSet</name>
         <load_address>0x20007a60</load_address>
         <run_address>0x20007a60</run_address>
         <size>0x88</size>
         <input_file_ref idref="fl-11"/>
      </object_component>
      <object_component id="oc-389">
         <name>.text:__aeabi_cdcmple</name>
         <load_address>0x20007ae8</load_address>
         <run_address>0x20007ae8</run_address>
         <size>0x86</size>
         <input_file_ref idref="fl-df"/>
      </object_component>
      <object_component id="oc-3fb">
         <name>.text:__aeabi_cdrcmple</name>
         <load_address>0x20007b6e</load_address>
         <run_address>0x20007b6e</run_address>
         <size>0x86</size>
         <input_file_ref idref="fl-df"/>
      </object_component>
      <object_component id="oc-203">
         <name>.text:I2CMasterInitExpClk</name>
         <load_address>0x20007bf4</load_address>
         <run_address>0x20007bf4</run_address>
         <size>0x84</size>
         <input_file_ref idref="fl-f"/>
      </object_component>
      <object_component id="oc-8b">
         <name>.text</name>
         <load_address>0x20007c78</load_address>
         <run_address>0x20007c78</run_address>
         <size>0x7a</size>
         <input_file_ref idref="fl-d3"/>
      </object_component>
      <object_component id="oc-17c">
         <name>.text:UARTConfigSetExpClk</name>
         <load_address>0x20007cf2</load_address>
         <run_address>0x20007cf2</run_address>
         <size>0x76</size>
         <input_file_ref idref="fl-14"/>
      </object_component>
      <object_component id="oc-307">
         <name>.text:split</name>
         <load_address>0x20007d68</load_address>
         <run_address>0x20007d68</run_address>
         <size>0x70</size>
         <input_file_ref idref="fl-d9"/>
      </object_component>
      <object_component id="oc-411">
         <name>.text:_mcpy</name>
         <load_address>0x20007dd8</load_address>
         <run_address>0x20007dd8</run_address>
         <size>0x6e</size>
         <input_file_ref idref="fl-dc"/>
      </object_component>
      <object_component id="oc-15">
         <name>.text:decompress:lzss:__TI_decompress_lzss</name>
         <load_address>0x20007e46</load_address>
         <run_address>0x20007e46</run_address>
         <size>0x68</size>
         <input_file_ref idref="fl-d7"/>
      </object_component>
      <object_component id="oc-426">
         <name>.text:frexp</name>
         <load_address>0x20007eb0</load_address>
         <run_address>0x20007eb0</run_address>
         <size>0x5c</size>
         <input_file_ref idref="fl-ed"/>
      </object_component>
      <object_component id="oc-f5">
         <name>.text:PRCMPeripheralReset</name>
         <load_address>0x20007f0c</load_address>
         <run_address>0x20007f0c</run_address>
         <size>0x58</size>
         <input_file_ref idref="fl-12"/>
      </object_component>
      <object_component id="oc-394">
         <name>.text:_pconv_f</name>
         <load_address>0x20007f64</load_address>
         <run_address>0x20007f64</run_address>
         <size>0x56</size>
         <input_file_ref idref="fl-dc"/>
      </object_component>
      <object_component id="oc-400">
         <name>.text:__TI_ltoa</name>
         <load_address>0x20007fba</load_address>
         <run_address>0x20007fba</run_address>
         <size>0x54</size>
         <input_file_ref idref="fl-e5"/>
      </object_component>
      <object_component id="oc-40b">
         <name>.text:_ecpy</name>
         <load_address>0x2000800e</load_address>
         <run_address>0x2000800e</run_address>
         <size>0x52</size>
         <input_file_ref idref="fl-dc"/>
      </object_component>
      <object_component id="oc-37d">
         <name>.text:atoi</name>
         <load_address>0x20008060</load_address>
         <run_address>0x20008060</run_address>
         <size>0x4c</size>
         <input_file_ref idref="fl-e7"/>
      </object_component>
      <object_component id="oc-12e">
         <name>.text</name>
         <load_address>0x200080ac</load_address>
         <run_address>0x200080ac</run_address>
         <size>0x48</size>
         <input_file_ref idref="fl-d0"/>
      </object_component>
      <object_component id="oc-14a">
         <name>.text:__TI_auto_init_nobinit_nopinit:__TI_auto_init_nobinit_nopinit</name>
         <load_address>0x200080f4</load_address>
         <run_address>0x200080f4</run_address>
         <size>0x44</size>
         <input_file_ref idref="fl-e0"/>
      </object_component>
      <object_component id="oc-23a">
         <name>.text:PinModeSet</name>
         <load_address>0x20008138</load_address>
         <run_address>0x20008138</run_address>
         <size>0x40</size>
         <input_file_ref idref="fl-11"/>
      </object_component>
      <object_component id="oc-188">
         <name>.text:vsnprintf</name>
         <load_address>0x20008178</load_address>
         <run_address>0x20008178</run_address>
         <size>0x40</size>
         <input_file_ref idref="fl-cd"/>
      </object_component>
      <object_component id="oc-41e">
         <name>.text:_fcpy</name>
         <load_address>0x200081b8</load_address>
         <run_address>0x200081b8</run_address>
         <size>0x3e</size>
         <input_file_ref idref="fl-dc"/>
      </object_component>
      <object_component id="oc-ef">
         <name>.text:PRCMPeripheralClkEnable</name>
         <load_address>0x200081f8</load_address>
         <run_address>0x200081f8</run_address>
         <size>0x3c</size>
         <input_file_ref idref="fl-12"/>
      </object_component>
      <object_component id="oc-246">
         <name>.text:GPIODirModeSet</name>
         <load_address>0x20008234</load_address>
         <run_address>0x20008234</run_address>
         <size>0x36</size>
         <input_file_ref idref="fl-e"/>
      </object_component>
      <object_component id="oc-240">
         <name>.text:PinTypeGPIO</name>
         <load_address>0x2000826a</load_address>
         <run_address>0x2000826a</run_address>
         <size>0x30</size>
         <input_file_ref idref="fl-11"/>
      </object_component>
      <object_component id="oc-2c8">
         <name>.text:UARTDisable</name>
         <load_address>0x2000829c</load_address>
         <run_address>0x2000829c</run_address>
         <size>0x30</size>
         <input_file_ref idref="fl-14"/>
      </object_component>
      <object_component id="oc-2dc">
         <name>.text:_outs</name>
         <load_address>0x200082cc</load_address>
         <run_address>0x200082cc</run_address>
         <size>0x30</size>
         <input_file_ref idref="fl-cd"/>
      </object_component>
      <object_component id="oc-11f">
         <name>.text</name>
         <load_address>0x200082fc</load_address>
         <run_address>0x200082fc</run_address>
         <size>0x2e</size>
         <input_file_ref idref="fl-d1"/>
      </object_component>
      <object_component id="oc-1df">
         <name>.text:I2CMasterErr</name>
         <load_address>0x2000832a</load_address>
         <run_address>0x2000832a</run_address>
         <size>0x2c</size>
         <input_file_ref idref="fl-f"/>
      </object_component>
      <object_component id="oc-227">
         <name>.text:PRCMSysResetCauseGet</name>
         <load_address>0x20008358</load_address>
         <run_address>0x20008358</run_address>
         <size>0x2c</size>
         <input_file_ref idref="fl-12"/>
      </object_component>
      <object_component id="oc-209">
         <name>.text:PRCMPeripheralClkDisable</name>
         <load_address>0x20008384</load_address>
         <run_address>0x20008384</run_address>
         <size>0x28</size>
         <input_file_ref idref="fl-12"/>
      </object_component>
      <object_component id="oc-30e">
         <name>.text:free_list_insert</name>
         <load_address>0x200083ac</load_address>
         <run_address>0x200083ac</run_address>
         <size>0x28</size>
         <input_file_ref idref="fl-d9"/>
      </object_component>
      <object_component id="oc-1a0">
         <name>.text:memmove</name>
         <load_address>0x200083d4</load_address>
         <run_address>0x200083d4</run_address>
         <size>0x28</size>
         <input_file_ref idref="fl-d8"/>
      </object_component>
      <object_component id="oc-2ce">
         <name>.text:UARTEnable</name>
         <load_address>0x200083fc</load_address>
         <run_address>0x200083fc</run_address>
         <size>0x24</size>
         <input_file_ref idref="fl-14"/>
      </object_component>
      <object_component id="oc-5b">
         <name>.text:_c_int00_noargs:_c_int00_noargs</name>
         <load_address>0x20008420</load_address>
         <run_address>0x20008420</run_address>
         <size>0x24</size>
         <input_file_ref idref="fl-db"/>
      </object_component>
      <object_component id="oc-1e5">
         <name>.text:I2CMasterSlaveAddrSet</name>
         <load_address>0x20008444</load_address>
         <run_address>0x20008444</run_address>
         <size>0x22</size>
         <input_file_ref idref="fl-f"/>
      </object_component>
      <object_component id="oc-fb">
         <name>.text:SPIReset</name>
         <load_address>0x20008466</load_address>
         <run_address>0x20008466</run_address>
         <size>0x22</size>
         <input_file_ref idref="fl-13"/>
      </object_component>
      <object_component id="oc-269">
         <name>.text:GPIOPinWrite</name>
         <load_address>0x20008488</load_address>
         <run_address>0x20008488</run_address>
         <size>0x20</size>
         <input_file_ref idref="fl-e"/>
      </object_component>
      <object_component id="oc-27b">
         <name>.text:SPIDataGet</name>
         <load_address>0x200084a8</load_address>
         <run_address>0x200084a8</run_address>
         <size>0x20</size>
         <input_file_ref idref="fl-13"/>
      </object_component>
      <object_component id="oc-1d9">
         <name>.text:I2CMasterIntStatusEx</name>
         <load_address>0x200084c8</load_address>
         <run_address>0x200084c8</run_address>
         <size>0x1e</size>
         <input_file_ref idref="fl-f"/>
      </object_component>
      <object_component id="oc-275">
         <name>.text:SPIDataPut</name>
         <load_address>0x200084e6</load_address>
         <run_address>0x200084e6</run_address>
         <size>0x1e</size>
         <input_file_ref idref="fl-13"/>
      </object_component>
      <object_component id="oc-182">
         <name>.text:UARTCharPut</name>
         <load_address>0x20008504</load_address>
         <run_address>0x20008504</run_address>
         <size>0x1e</size>
         <input_file_ref idref="fl-14"/>
      </object_component>
      <object_component id="oc-24c">
         <name>.text:PinTypeI2C</name>
         <load_address>0x20008522</load_address>
         <run_address>0x20008522</run_address>
         <size>0x1c</size>
         <input_file_ref idref="fl-11"/>
      </object_component>
      <object_component id="oc-194">
         <name>.text:UARTCharGetNonBlocking</name>
         <load_address>0x2000853e</load_address>
         <run_address>0x2000853e</run_address>
         <size>0x1c</size>
         <input_file_ref idref="fl-14"/>
      </object_component>
      <object_component id="oc-49">
         <name>.text:decompress:ZI:__TI_zero_init_nomemset:__TI_zero_init_nomemset</name>
         <load_address>0x2000855a</load_address>
         <run_address>0x2000855a</run_address>
         <size>0x1c</size>
         <input_file_ref idref="fl-d5"/>
      </object_component>
      <object_component id="oc-301">
         <name>.text:free_list_remove</name>
         <load_address>0x20008578</load_address>
         <run_address>0x20008578</run_address>
         <size>0x1c</size>
         <input_file_ref idref="fl-d9"/>
      </object_component>
      <object_component id="oc-3a6">
         <name>.text:memccpy</name>
         <load_address>0x20008594</load_address>
         <run_address>0x20008594</run_address>
         <size>0x1c</size>
         <input_file_ref idref="fl-e9"/>
      </object_component>
      <object_component id="oc-252">
         <name>.text:PinTypeSPI</name>
         <load_address>0x200085b0</load_address>
         <run_address>0x200085b0</run_address>
         <size>0x1a</size>
         <input_file_ref idref="fl-11"/>
      </object_component>
      <object_component id="oc-258">
         <name>.text:PinTypeUART</name>
         <load_address>0x200085ca</load_address>
         <run_address>0x200085ca</run_address>
         <size>0x1a</size>
         <input_file_ref idref="fl-11"/>
      </object_component>
      <object_component id="oc-1fd">
         <name>.text:I2CMasterIntEnableEx</name>
         <load_address>0x200085e4</load_address>
         <run_address>0x200085e4</run_address>
         <size>0x18</size>
         <input_file_ref idref="fl-f"/>
      </object_component>
      <object_component id="oc-281">
         <name>.text:SPICSDisable</name>
         <load_address>0x200085fc</load_address>
         <run_address>0x200085fc</run_address>
         <size>0x18</size>
         <input_file_ref idref="fl-13"/>
      </object_component>
      <object_component id="oc-26f">
         <name>.text:SPICSEnable</name>
         <load_address>0x20008614</load_address>
         <run_address>0x20008614</run_address>
         <size>0x18</size>
         <input_file_ref idref="fl-13"/>
      </object_component>
      <object_component id="oc-10d">
         <name>.text:SPIEnable</name>
         <load_address>0x2000862c</load_address>
         <run_address>0x2000862c</run_address>
         <size>0x18</size>
         <input_file_ref idref="fl-13"/>
      </object_component>
      <object_component id="oc-18e">
         <name>.text:UARTCharsAvail</name>
         <load_address>0x20008644</load_address>
         <run_address>0x20008644</run_address>
         <size>0x18</size>
         <input_file_ref idref="fl-14"/>
      </object_component>
      <object_component id="oc-2e2">
         <name>.text:_outc</name>
         <load_address>0x2000865c</load_address>
         <run_address>0x2000865c</run_address>
         <size>0x18</size>
         <input_file_ref idref="fl-cd"/>
      </object_component>
      <object_component id="oc-1eb">
         <name>.text:I2CMasterDataPut</name>
         <load_address>0x20008674</load_address>
         <run_address>0x20008674</run_address>
         <size>0x16</size>
         <input_file_ref idref="fl-f"/>
      </object_component>
      <object_component id="oc-1f7">
         <name>.text:I2CMasterEnable</name>
         <load_address>0x2000868a</load_address>
         <run_address>0x2000868a</run_address>
         <size>0x16</size>
         <input_file_ref idref="fl-f"/>
      </object_component>
      <object_component id="oc-1c7">
         <name>.text:I2CMasterIntClear</name>
         <load_address>0x200086a0</load_address>
         <run_address>0x200086a0</run_address>
         <size>0x16</size>
         <input_file_ref idref="fl-f"/>
      </object_component>
      <object_component id="oc-22d">
         <name>.text:PRCMHIBRegRead</name>
         <load_address>0x200086b6</load_address>
         <run_address>0x200086b6</run_address>
         <size>0x16</size>
         <input_file_ref idref="fl-12"/>
      </object_component>
      <object_component id="oc-233">
         <name>.text:PRCMHIBRegWrite</name>
         <load_address>0x200086cc</load_address>
         <run_address>0x200086cc</run_address>
         <size>0x16</size>
         <input_file_ref idref="fl-12"/>
      </object_component>
      <object_component id="oc-432">
         <name>.text:strchr</name>
         <load_address>0x200086e2</load_address>
         <run_address>0x200086e2</run_address>
         <size>0x16</size>
         <input_file_ref idref="fl-ea"/>
      </object_component>
      <object_component id="oc-217">
         <name>.text:CPUcpsie</name>
         <load_address>0x200086f8</load_address>
         <run_address>0x200086f8</run_address>
         <size>0x14</size>
         <input_file_ref idref="fl-16"/>
      </object_component>
      <object_component id="oc-d1">
         <name>.text:IntVTableBaseSet</name>
         <load_address>0x2000870c</load_address>
         <run_address>0x2000870c</run_address>
         <size>0x14</size>
         <input_file_ref idref="fl-10"/>
      </object_component>
      <object_component id="oc-19a">
         <name>.text:strlen</name>
         <load_address>0x20008720</load_address>
         <run_address>0x20008720</run_address>
         <size>0x14</size>
         <input_file_ref idref="fl-da"/>
      </object_component>
      <object_component id="oc-1d3">
         <name>.text:I2CMasterControl</name>
         <load_address>0x20008734</load_address>
         <run_address>0x20008734</run_address>
         <size>0x12</size>
         <input_file_ref idref="fl-f"/>
      </object_component>
      <object_component id="oc-1cd">
         <name>.text:I2CMasterTimeoutSet</name>
         <load_address>0x20008746</load_address>
         <run_address>0x20008746</run_address>
         <size>0x12</size>
         <input_file_ref idref="fl-f"/>
      </object_component>
      <object_component id="oc-3ac">
         <name>.text:wcslen</name>
         <load_address>0x20008758</load_address>
         <run_address>0x20008758</run_address>
         <size>0x12</size>
         <input_file_ref idref="fl-ec"/>
      </object_component>
      <object_component id="oc-1f1">
         <name>.text:I2CMasterDataGet</name>
         <load_address>0x2000876a</load_address>
         <run_address>0x2000876a</run_address>
         <size>0xe</size>
         <input_file_ref idref="fl-f"/>
      </object_component>
      <object_component id="oc-1b">
         <name>.text:decompress:none:__TI_decompress_none</name>
         <load_address>0x20008778</load_address>
         <run_address>0x20008778</run_address>
         <size>0xe</size>
         <input_file_ref idref="fl-d6"/>
      </object_component>
      <object_component id="oc-29">
         <name>.text</name>
         <load_address>0x20008786</load_address>
         <run_address>0x20008786</run_address>
         <size>0xe</size>
         <input_file_ref idref="fl-7"/>
      </object_component>
      <object_component id="oc-472">
         <name>.text:copysign</name>
         <load_address>0x20008794</load_address>
         <run_address>0x20008794</run_address>
         <size>0xc</size>
         <input_file_ref idref="fl-ef"/>
      </object_component>
      <object_component id="oc-d7">
         <name>.text:IntMasterEnable</name>
         <load_address>0x200087a0</load_address>
         <run_address>0x200087a0</run_address>
         <size>0xa</size>
         <input_file_ref idref="fl-10"/>
      </object_component>
      <object_component id="oc-3b2">
         <name>.text:__aeabi_errno_addr</name>
         <load_address>0x200087ac</load_address>
         <run_address>0x200087ac</run_address>
         <size>0x8</size>
         <input_file_ref idref="fl-eb"/>
      </object_component>
      <object_component id="oc-1a6">
         <name>.text:malloc</name>
         <load_address>0x200087b4</load_address>
         <run_address>0x200087b4</run_address>
         <size>0x8</size>
         <input_file_ref idref="fl-d9"/>
      </object_component>
      <object_component id="oc-331">
         <name>.text:UtilsDelay</name>
         <load_address>0x200087bc</load_address>
         <run_address>0x200087bc</run_address>
         <size>0x6</size>
         <input_file_ref idref="fl-15"/>
      </object_component>
      <object_component id="oc-91">
         <name>.text:_system_pre_init</name>
         <load_address>0x200087c2</load_address>
         <run_address>0x200087c2</run_address>
         <size>0x4</size>
         <input_file_ref idref="fl-e1"/>
      </object_component>
      <object_component id="oc-13e">
         <name>.text:abort:abort</name>
         <load_address>0x200087c6</load_address>
         <run_address>0x200087c6</run_address>
         <size>0x4</size>
         <input_file_ref idref="fl-e3"/>
      </object_component>
      <object_component id="oc-289">
         <name>.const:.string:font</name>
         <load_address>0x200087cc</load_address>
         <run_address>0x200087cc</run_address>
         <size>0x4fb</size>
         <input_file_ref idref="fl-1"/>
      </object_component>
      <object_component id="oc-3ef">
         <name>.const:.string:_ctypes_</name>
         <load_address>0x20008cc7</load_address>
         <run_address>0x20008cc7</run_address>
         <size>0x101</size>
         <input_file_ref idref="fl-e8"/>
      </object_component>
      <object_component id="oc-334">
         <name>.const:g_ulPinToPadMap</name>
         <load_address>0x20008dc8</load_address>
         <run_address>0x20008dc8</run_address>
         <size>0x100</size>
         <input_file_ref idref="fl-11"/>
      </object_component>
      <object_component id="oc-25f">
         <name>.const:PRCM_PeriphRegsList</name>
         <load_address>0x20008ec8</load_address>
         <run_address>0x20008ec8</run_address>
         <size>0xa8</size>
         <input_file_ref idref="fl-12"/>
      </object_component>
      <object_component id="oc-223">
         <name>.const:g_pulEnRegs</name>
         <load_address>0x20008f70</load_address>
         <run_address>0x20008f70</run_address>
         <size>0x18</size>
         <input_file_ref idref="fl-10"/>
      </object_component>
      <object_component id="oc-134">
         <name>.const:$P$T0$2</name>
         <load_address>0x20008f88</load_address>
         <run_address>0x20008f88</run_address>
         <size>0x8</size>
         <input_file_ref idref="fl-4"/>
      </object_component>
      <object_component id="oc-4d1">
         <name>.cinit..data.load</name>
         <load_address>0x20008f90</load_address>
         <run_address>0x20008f90</run_address>
         <size>0x20</size>
      </object_component>
      <object_component id="oc-4cf">
         <name>__TI_handler_table</name>
         <load_address>0x20008fb0</load_address>
         <run_address>0x20008fb0</run_address>
         <size>0xc</size>
      </object_component>
      <object_component id="oc-4d2">
         <name>.cinit..bss.load</name>
         <load_address>0x20008fc0</load_address>
         <run_address>0x20008fc0</run_address>
         <size>0x8</size>
      </object_component>
      <object_component id="oc-4d0">
         <name>__TI_cinit_table</name>
         <load_address>0x20008fc8</load_address>
         <run_address>0x20008fc8</run_address>
         <size>0x10</size>
      </object_component>
      <object_component id="oc-28c">
         <name>.data</name>
         <load_address>0x20017800</load_address>
         <run_address>0x20017800</run_address>
         <size>0x15</size>
         <input_file_ref idref="fl-1"/>
      </object_component>
      <object_component id="oc-3cc">
         <name>.data:$O1$$</name>
         <load_address>0x20017820</load_address>
         <run_address>0x20017820</run_address>
         <size>0x8</size>
         <input_file_ref idref="fl-d9"/>
      </object_component>
      <object_component id="oc-2ac">
         <name>.data:$O1$$</name>
         <load_address>0x20017818</load_address>
         <run_address>0x20017818</run_address>
         <size>0x8</size>
         <input_file_ref idref="fl-e4"/>
      </object_component>
      <object_component id="oc-442">
         <name>.data</name>
         <load_address>0x20017828</load_address>
         <run_address>0x20017828</run_address>
         <size>0x4</size>
         <input_file_ref idref="fl-eb"/>
      </object_component>
      <object_component id="oc-133">
         <name>.bss:data$1</name>
         <uninitialized>true</uninitialized>
         <run_address>0x2001782c</run_address>
         <size>0x4</size>
         <input_file_ref idref="fl-4"/>
      </object_component>
      <object_component id="oc-1b8">
         <name>.bss</name>
         <uninitialized>true</uninitialized>
         <run_address>0x20017830</run_address>
         <size>0x4</size>
         <input_file_ref idref="fl-8"/>
      </object_component>
      <object_component id="oc-23">
         <name>.sysmem</name>
         <uninitialized>true</uninitialized>
         <run_address>0x20017000</run_address>
         <size>0x10</size>
         <input_file_ref idref="fl-d9"/>
      </object_component>
      <object_component id="oc-4d5">
         <name>.sysmem</name>
         <uninitialized>true</uninitialized>
         <run_address>0x20017000</run_address>
         <size>0x0</size>
      </object_component>
      <object_component id="oc-26">
         <name>.stack</name>
         <uninitialized>true</uninitialized>
         <run_address>0x2002f800</run_address>
         <size>0x4</size>
         <input_file_ref idref="fl-db"/>
      </object_component>
      <object_component id="oc-4d4">
         <name>.stack</name>
         <uninitialized>true</uninitialized>
         <run_address>0x2002f800</run_address>
         <size>0x0</size>
      </object_component>
      <object_component id="oc-290">
         <name>.debug_info</name>
         <load_address>0x0</load_address>
         <run_address>0x0</run_address>
         <size>0x219</size>
         <input_file_ref idref="fl-1"/>
      </object_component>
      <object_component id="oc-28a">
         <name>.debug_info</name>
         <load_address>0x219</load_address>
         <run_address>0x219</run_address>
         <size>0xcb</size>
         <input_file_ref idref="fl-1"/>
      </object_component>
      <object_component id="oc-28d">
         <name>.debug_info</name>
         <load_address>0x2e4</load_address>
         <run_address>0x2e4</run_address>
         <size>0x179</size>
         <input_file_ref idref="fl-1"/>
      </object_component>
      <object_component id="oc-11a">
         <name>.debug_info</name>
         <load_address>0x45d</load_address>
         <run_address>0x45d</run_address>
         <size>0x1537</size>
         <input_file_ref idref="fl-1"/>
      </object_component>
      <object_component id="oc-38">
         <name>.debug_info</name>
         <load_address>0x1994</load_address>
         <run_address>0x1994</run_address>
         <size>0x84</size>
         <input_file_ref idref="fl-1"/>
      </object_component>
      <object_component id="oc-288">
         <name>.debug_info</name>
         <load_address>0x1a18</load_address>
         <run_address>0x1a18</run_address>
         <size>0x21a</size>
         <input_file_ref idref="fl-2"/>
      </object_component>
      <object_component id="oc-117">
         <name>.debug_info</name>
         <load_address>0x1c32</load_address>
         <run_address>0x1c32</run_address>
         <size>0xe80</size>
         <input_file_ref idref="fl-2"/>
      </object_component>
      <object_component id="oc-347">
         <name>.debug_info</name>
         <load_address>0x2ab2</load_address>
         <run_address>0x2ab2</run_address>
         <size>0x62</size>
         <input_file_ref idref="fl-2"/>
      </object_component>
      <object_component id="oc-21e">
         <name>.debug_info</name>
         <load_address>0x2b14</load_address>
         <run_address>0x2b14</run_address>
         <size>0x2c</size>
         <input_file_ref idref="fl-2"/>
      </object_component>
      <object_component id="oc-bc">
         <name>.debug_info</name>
         <load_address>0x2b40</load_address>
         <run_address>0x2b40</run_address>
         <size>0x2c</size>
         <input_file_ref idref="fl-2"/>
      </object_component>
      <object_component id="oc-29e">
         <name>.debug_info</name>
         <load_address>0x2b6c</load_address>
         <run_address>0x2b6c</run_address>
         <size>0x35</size>
         <input_file_ref idref="fl-2"/>
      </object_component>
      <object_component id="oc-215">
         <name>.debug_info</name>
         <load_address>0x2ba1</load_address>
         <run_address>0x2ba1</run_address>
         <size>0x4ab</size>
         <input_file_ref idref="fl-3"/>
      </object_component>
      <object_component id="oc-cc">
         <name>.debug_info</name>
         <load_address>0x304c</load_address>
         <run_address>0x304c</run_address>
         <size>0x9ac</size>
         <input_file_ref idref="fl-3"/>
      </object_component>
      <object_component id="oc-299">
         <name>.debug_info</name>
         <load_address>0x39f8</load_address>
         <run_address>0x39f8</run_address>
         <size>0x26b</size>
         <input_file_ref idref="fl-3"/>
      </object_component>
      <object_component id="oc-1c2">
         <name>.debug_info</name>
         <load_address>0x3c63</load_address>
         <run_address>0x3c63</run_address>
         <size>0x110</size>
         <input_file_ref idref="fl-3"/>
      </object_component>
      <object_component id="oc-210">
         <name>.debug_info</name>
         <load_address>0x3d73</load_address>
         <run_address>0x3d73</run_address>
         <size>0x8b</size>
         <input_file_ref idref="fl-3"/>
      </object_component>
      <object_component id="oc-2a3">
         <name>.debug_info</name>
         <load_address>0x3dfe</load_address>
         <run_address>0x3dfe</run_address>
         <size>0x2a4</size>
         <input_file_ref idref="fl-3"/>
      </object_component>
      <object_component id="oc-139">
         <name>.debug_info</name>
         <load_address>0x40a2</load_address>
         <run_address>0x40a2</run_address>
         <size>0xbb</size>
         <input_file_ref idref="fl-3"/>
      </object_component>
      <object_component id="oc-138">
         <name>.debug_info</name>
         <load_address>0x415d</load_address>
         <run_address>0x415d</run_address>
         <size>0x560</size>
         <input_file_ref idref="fl-4"/>
      </object_component>
      <object_component id="oc-135">
         <name>.debug_info</name>
         <load_address>0x46bd</load_address>
         <run_address>0x46bd</run_address>
         <size>0xc9</size>
         <input_file_ref idref="fl-4"/>
      </object_component>
      <object_component id="oc-98">
         <name>.debug_info</name>
         <load_address>0x4786</load_address>
         <run_address>0x4786</run_address>
         <size>0x76c</size>
         <input_file_ref idref="fl-4"/>
      </object_component>
      <object_component id="oc-1bd">
         <name>.debug_info</name>
         <load_address>0x4ef2</load_address>
         <run_address>0x4ef2</run_address>
         <size>0x2c</size>
         <input_file_ref idref="fl-4"/>
      </object_component>
      <object_component id="oc-ea">
         <name>.debug_info</name>
         <load_address>0x4f1e</load_address>
         <run_address>0x4f1e</run_address>
         <size>0x38e</size>
         <input_file_ref idref="fl-6"/>
      </object_component>
      <object_component id="oc-31">
         <name>.debug_info</name>
         <load_address>0x52ac</load_address>
         <run_address>0x52ac</run_address>
         <size>0x198</size>
         <input_file_ref idref="fl-7"/>
      </object_component>
      <object_component id="oc-13">
         <name>.debug_info</name>
         <load_address>0x5444</load_address>
         <run_address>0x5444</run_address>
         <size>0x117</size>
         <input_file_ref idref="fl-7"/>
      </object_component>
      <object_component id="oc-2a">
         <name>.debug_info</name>
         <load_address>0x555b</load_address>
         <run_address>0x555b</run_address>
         <size>0x4ce</size>
         <input_file_ref idref="fl-7"/>
      </object_component>
      <object_component id="oc-1bc">
         <name>.debug_info</name>
         <load_address>0x5a29</load_address>
         <run_address>0x5a29</run_address>
         <size>0x3a7</size>
         <input_file_ref idref="fl-8"/>
      </object_component>
      <object_component id="oc-1b9">
         <name>.debug_info</name>
         <load_address>0x5dd0</load_address>
         <run_address>0x5dd0</run_address>
         <size>0xd2</size>
         <input_file_ref idref="fl-8"/>
      </object_component>
      <object_component id="oc-c6">
         <name>.debug_info</name>
         <load_address>0x5ea2</load_address>
         <run_address>0x5ea2</run_address>
         <size>0x638</size>
         <input_file_ref idref="fl-8"/>
      </object_component>
      <object_component id="oc-247">
         <name>.debug_info</name>
         <load_address>0x64da</load_address>
         <run_address>0x64da</run_address>
         <size>0x1dd</size>
         <input_file_ref idref="fl-e"/>
      </object_component>
      <object_component id="oc-26d">
         <name>.debug_info</name>
         <load_address>0x66b7</load_address>
         <run_address>0x66b7</run_address>
         <size>0x1d4</size>
         <input_file_ref idref="fl-e"/>
      </object_component>
      <object_component id="oc-455">
         <name>.debug_info</name>
         <load_address>0x688b</load_address>
         <run_address>0x688b</run_address>
         <size>0x220</size>
         <input_file_ref idref="fl-f"/>
      </object_component>
      <object_component id="oc-204">
         <name>.debug_info</name>
         <load_address>0x6aab</load_address>
         <run_address>0x6aab</run_address>
         <size>0x242</size>
         <input_file_ref idref="fl-f"/>
      </object_component>
      <object_component id="oc-1f8">
         <name>.debug_info</name>
         <load_address>0x6ced</load_address>
         <run_address>0x6ced</run_address>
         <size>0x18d</size>
         <input_file_ref idref="fl-f"/>
      </object_component>
      <object_component id="oc-1fe">
         <name>.debug_info</name>
         <load_address>0x6e7a</load_address>
         <run_address>0x6e7a</run_address>
         <size>0x1da</size>
         <input_file_ref idref="fl-f"/>
      </object_component>
      <object_component id="oc-1da">
         <name>.debug_info</name>
         <load_address>0x7054</load_address>
         <run_address>0x7054</run_address>
         <size>0x1ca</size>
         <input_file_ref idref="fl-f"/>
      </object_component>
      <object_component id="oc-1c8">
         <name>.debug_info</name>
         <load_address>0x721e</load_address>
         <run_address>0x721e</run_address>
         <size>0x191</size>
         <input_file_ref idref="fl-f"/>
      </object_component>
      <object_component id="oc-1e6">
         <name>.debug_info</name>
         <load_address>0x73af</load_address>
         <run_address>0x73af</run_address>
         <size>0x20f</size>
         <input_file_ref idref="fl-f"/>
      </object_component>
      <object_component id="oc-1d5">
         <name>.debug_info</name>
         <load_address>0x75be</load_address>
         <run_address>0x75be</run_address>
         <size>0x1be</size>
         <input_file_ref idref="fl-f"/>
      </object_component>
      <object_component id="oc-1e1">
         <name>.debug_info</name>
         <load_address>0x777c</load_address>
         <run_address>0x777c</run_address>
         <size>0x1a3</size>
         <input_file_ref idref="fl-f"/>
      </object_component>
      <object_component id="oc-1ed">
         <name>.debug_info</name>
         <load_address>0x791f</load_address>
         <run_address>0x791f</run_address>
         <size>0x1be</size>
         <input_file_ref idref="fl-f"/>
      </object_component>
      <object_component id="oc-1f3">
         <name>.debug_info</name>
         <load_address>0x7add</load_address>
         <run_address>0x7add</run_address>
         <size>0x193</size>
         <input_file_ref idref="fl-f"/>
      </object_component>
      <object_component id="oc-1cf">
         <name>.debug_info</name>
         <load_address>0x7c70</load_address>
         <run_address>0x7c70</run_address>
         <size>0x1cc</size>
         <input_file_ref idref="fl-f"/>
      </object_component>
      <object_component id="oc-490">
         <name>.debug_info</name>
         <load_address>0x7e3c</load_address>
         <run_address>0x7e3c</run_address>
         <size>0x26b</size>
         <input_file_ref idref="fl-f"/>
      </object_component>
      <object_component id="oc-3d3">
         <name>.debug_info</name>
         <load_address>0x80a7</load_address>
         <run_address>0x80a7</run_address>
         <size>0x297</size>
         <input_file_ref idref="fl-f"/>
      </object_component>
      <object_component id="oc-31a">
         <name>.debug_info</name>
         <load_address>0x833e</load_address>
         <run_address>0x833e</run_address>
         <size>0xbb</size>
         <input_file_ref idref="fl-f"/>
      </object_component>
      <object_component id="oc-32f">
         <name>.debug_info</name>
         <load_address>0x83f9</load_address>
         <run_address>0x83f9</run_address>
         <size>0x201</size>
         <input_file_ref idref="fl-10"/>
      </object_component>
      <object_component id="oc-224">
         <name>.debug_info</name>
         <load_address>0x85fa</load_address>
         <run_address>0x85fa</run_address>
         <size>0xf4</size>
         <input_file_ref idref="fl-10"/>
      </object_component>
      <object_component id="oc-da">
         <name>.debug_info</name>
         <load_address>0x86ee</load_address>
         <run_address>0x86ee</run_address>
         <size>0x17c</size>
         <input_file_ref idref="fl-10"/>
      </object_component>
      <object_component id="oc-d4">
         <name>.debug_info</name>
         <load_address>0x886a</load_address>
         <run_address>0x886a</run_address>
         <size>0x1ae</size>
         <input_file_ref idref="fl-10"/>
      </object_component>
      <object_component id="oc-e1">
         <name>.debug_info</name>
         <load_address>0x8a18</load_address>
         <run_address>0x8a18</run_address>
         <size>0x19f</size>
         <input_file_ref idref="fl-10"/>
      </object_component>
      <object_component id="oc-3dc">
         <name>.debug_info</name>
         <load_address>0x8bb7</load_address>
         <run_address>0x8bb7</run_address>
         <size>0x14e</size>
         <input_file_ref idref="fl-11"/>
      </object_component>
      <object_component id="oc-335">
         <name>.debug_info</name>
         <load_address>0x8d05</load_address>
         <run_address>0x8d05</run_address>
         <size>0xf6</size>
         <input_file_ref idref="fl-11"/>
      </object_component>
      <object_component id="oc-23c">
         <name>.debug_info</name>
         <load_address>0x8dfb</load_address>
         <run_address>0x8dfb</run_address>
         <size>0x1bf</size>
         <input_file_ref idref="fl-11"/>
      </object_component>
      <object_component id="oc-33b">
         <name>.debug_info</name>
         <load_address>0x8fba</load_address>
         <run_address>0x8fba</run_address>
         <size>0x20d</size>
         <input_file_ref idref="fl-11"/>
      </object_component>
      <object_component id="oc-25b">
         <name>.debug_info</name>
         <load_address>0x91c7</load_address>
         <run_address>0x91c7</run_address>
         <size>0x1d4</size>
         <input_file_ref idref="fl-11"/>
      </object_component>
      <object_component id="oc-24f">
         <name>.debug_info</name>
         <load_address>0x939b</load_address>
         <run_address>0x939b</run_address>
         <size>0x1d2</size>
         <input_file_ref idref="fl-11"/>
      </object_component>
      <object_component id="oc-255">
         <name>.debug_info</name>
         <load_address>0x956d</load_address>
         <run_address>0x956d</run_address>
         <size>0x1d2</size>
         <input_file_ref idref="fl-11"/>
      </object_component>
      <object_component id="oc-243">
         <name>.debug_info</name>
         <load_address>0x973f</load_address>
         <run_address>0x973f</run_address>
         <size>0x222</size>
         <input_file_ref idref="fl-11"/>
      </object_component>
      <object_component id="oc-264">
         <name>.debug_info</name>
         <load_address>0x9961</load_address>
         <run_address>0x9961</run_address>
         <size>0x25e</size>
         <input_file_ref idref="fl-12"/>
      </object_component>
      <object_component id="oc-260">
         <name>.debug_info</name>
         <load_address>0x9bbf</load_address>
         <run_address>0x9bbf</run_address>
         <size>0xff</size>
         <input_file_ref idref="fl-12"/>
      </object_component>
      <object_component id="oc-229">
         <name>.debug_info</name>
         <load_address>0x9cbe</load_address>
         <run_address>0x9cbe</run_address>
         <size>0x1a6</size>
         <input_file_ref idref="fl-12"/>
      </object_component>
      <object_component id="oc-f1">
         <name>.debug_info</name>
         <load_address>0x9e64</load_address>
         <run_address>0x9e64</run_address>
         <size>0x1eb</size>
         <input_file_ref idref="fl-12"/>
      </object_component>
      <object_component id="oc-20b">
         <name>.debug_info</name>
         <load_address>0xa04f</load_address>
         <run_address>0xa04f</run_address>
         <size>0x1ed</size>
         <input_file_ref idref="fl-12"/>
      </object_component>
      <object_component id="oc-103">
         <name>.debug_info</name>
         <load_address>0xa23c</load_address>
         <run_address>0xa23c</run_address>
         <size>0x216</size>
         <input_file_ref idref="fl-12"/>
      </object_component>
      <object_component id="oc-f7">
         <name>.debug_info</name>
         <load_address>0xa452</load_address>
         <run_address>0xa452</run_address>
         <size>0x1c0</size>
         <input_file_ref idref="fl-12"/>
      </object_component>
      <object_component id="oc-e6">
         <name>.debug_info</name>
         <load_address>0xa612</load_address>
         <run_address>0xa612</run_address>
         <size>0x283</size>
         <input_file_ref idref="fl-12"/>
      </object_component>
      <object_component id="oc-230">
         <name>.debug_info</name>
         <load_address>0xa895</load_address>
         <run_address>0xa895</run_address>
         <size>0x1bf</size>
         <input_file_ref idref="fl-12"/>
      </object_component>
      <object_component id="oc-236">
         <name>.debug_info</name>
         <load_address>0xaa54</load_address>
         <run_address>0xaa54</run_address>
         <size>0x1d4</size>
         <input_file_ref idref="fl-12"/>
      </object_component>
      <object_component id="oc-350">
         <name>.debug_info</name>
         <load_address>0xac28</load_address>
         <run_address>0xac28</run_address>
         <size>0x232</size>
         <input_file_ref idref="fl-13"/>
      </object_component>
      <object_component id="oc-10e">
         <name>.debug_info</name>
         <load_address>0xae5a</load_address>
         <run_address>0xae5a</run_address>
         <size>0x179</size>
         <input_file_ref idref="fl-13"/>
      </object_component>
      <object_component id="oc-fc">
         <name>.debug_info</name>
         <load_address>0xafd3</load_address>
         <run_address>0xafd3</run_address>
         <size>0x177</size>
         <input_file_ref idref="fl-13"/>
      </object_component>
      <object_component id="oc-108">
         <name>.debug_info</name>
         <load_address>0xb14a</load_address>
         <run_address>0xb14a</run_address>
         <size>0x28e</size>
         <input_file_ref idref="fl-13"/>
      </object_component>
      <object_component id="oc-27c">
         <name>.debug_info</name>
         <load_address>0xb3d8</load_address>
         <run_address>0xb3d8</run_address>
         <size>0x1aa</size>
         <input_file_ref idref="fl-13"/>
      </object_component>
      <object_component id="oc-276">
         <name>.debug_info</name>
         <load_address>0xb582</load_address>
         <run_address>0xb582</run_address>
         <size>0x1a6</size>
         <input_file_ref idref="fl-13"/>
      </object_component>
      <object_component id="oc-270">
         <name>.debug_info</name>
         <load_address>0xb728</load_address>
         <run_address>0xb728</run_address>
         <size>0x17d</size>
         <input_file_ref idref="fl-13"/>
      </object_component>
      <object_component id="oc-282">
         <name>.debug_info</name>
         <load_address>0xb8a5</load_address>
         <run_address>0xb8a5</run_address>
         <size>0x17f</size>
         <input_file_ref idref="fl-13"/>
      </object_component>
      <object_component id="oc-17e">
         <name>.debug_info</name>
         <load_address>0xba24</load_address>
         <run_address>0xba24</run_address>
         <size>0x25c</size>
         <input_file_ref idref="fl-14"/>
      </object_component>
      <object_component id="oc-2d0">
         <name>.debug_info</name>
         <load_address>0xbc80</load_address>
         <run_address>0xbc80</run_address>
         <size>0x17e</size>
         <input_file_ref idref="fl-14"/>
      </object_component>
      <object_component id="oc-2ca">
         <name>.debug_info</name>
         <load_address>0xbdfe</load_address>
         <run_address>0xbdfe</run_address>
         <size>0x180</size>
         <input_file_ref idref="fl-14"/>
      </object_component>
      <object_component id="oc-18f">
         <name>.debug_info</name>
         <load_address>0xbf7e</load_address>
         <run_address>0xbf7e</run_address>
         <size>0x18a</size>
         <input_file_ref idref="fl-14"/>
      </object_component>
      <object_component id="oc-195">
         <name>.debug_info</name>
         <load_address>0xc108</load_address>
         <run_address>0xc108</run_address>
         <size>0x19a</size>
         <input_file_ref idref="fl-14"/>
      </object_component>
      <object_component id="oc-183">
         <name>.debug_info</name>
         <load_address>0xc2a2</load_address>
         <run_address>0xc2a2</run_address>
         <size>0x1ab</size>
         <input_file_ref idref="fl-14"/>
      </object_component>
      <object_component id="oc-218">
         <name>.debug_info</name>
         <load_address>0xc44d</load_address>
         <run_address>0xc44d</run_address>
         <size>0x14e</size>
         <input_file_ref idref="fl-16"/>
      </object_component>
      <object_component id="oc-2e9">
         <name>.debug_info</name>
         <load_address>0xc59b</load_address>
         <run_address>0xc59b</run_address>
         <size>0x212</size>
         <input_file_ref idref="fl-cd"/>
      </object_component>
      <object_component id="oc-189">
         <name>.debug_info</name>
         <load_address>0xc7ad</load_address>
         <run_address>0xc7ad</run_address>
         <size>0x208</size>
         <input_file_ref idref="fl-cd"/>
      </object_component>
      <object_component id="oc-2dd">
         <name>.debug_info</name>
         <load_address>0xc9b5</load_address>
         <run_address>0xc9b5</run_address>
         <size>0x1c6</size>
         <input_file_ref idref="fl-cd"/>
      </object_component>
      <object_component id="oc-2e3">
         <name>.debug_info</name>
         <load_address>0xcb7b</load_address>
         <run_address>0xcb7b</run_address>
         <size>0x179</size>
         <input_file_ref idref="fl-cd"/>
      </object_component>
      <object_component id="oc-2ea">
         <name>.debug_info</name>
         <load_address>0xccf4</load_address>
         <run_address>0xccf4</run_address>
         <size>0x2c</size>
         <input_file_ref idref="fl-cd"/>
      </object_component>
      <object_component id="oc-2ef">
         <name>.debug_info</name>
         <load_address>0xcd20</load_address>
         <run_address>0xcd20</run_address>
         <size>0x69</size>
         <input_file_ref idref="fl-cd"/>
      </object_component>
      <object_component id="oc-126">
         <name>.debug_info</name>
         <load_address>0xcd89</load_address>
         <run_address>0xcd89</run_address>
         <size>0x13a</size>
         <input_file_ref idref="fl-ce"/>
      </object_component>
      <object_component id="oc-12c">
         <name>.debug_info</name>
         <load_address>0xcec3</load_address>
         <run_address>0xcec3</run_address>
         <size>0x13a</size>
         <input_file_ref idref="fl-cf"/>
      </object_component>
      <object_component id="oc-131">
         <name>.debug_info</name>
         <load_address>0xcffd</load_address>
         <run_address>0xcffd</run_address>
         <size>0x12e</size>
         <input_file_ref idref="fl-d0"/>
      </object_component>
      <object_component id="oc-122">
         <name>.debug_info</name>
         <load_address>0xd12b</load_address>
         <run_address>0xd12b</run_address>
         <size>0x12c</size>
         <input_file_ref idref="fl-d1"/>
      </object_component>
      <object_component id="oc-3e">
         <name>.debug_info</name>
         <load_address>0xd257</load_address>
         <run_address>0xd257</run_address>
         <size>0x119</size>
         <input_file_ref idref="fl-d2"/>
      </object_component>
      <object_component id="oc-8c">
         <name>.debug_info</name>
         <load_address>0xd370</load_address>
         <run_address>0xd370</run_address>
         <size>0x147</size>
         <input_file_ref idref="fl-d3"/>
      </object_component>
      <object_component id="oc-3f5">
         <name>.debug_info</name>
         <load_address>0xd4b7</load_address>
         <run_address>0xd4b7</run_address>
         <size>0x134</size>
         <input_file_ref idref="fl-d4"/>
      </object_component>
      <object_component id="oc-8a">
         <name>.debug_info</name>
         <load_address>0xd5eb</load_address>
         <run_address>0xd5eb</run_address>
         <size>0x1a6</size>
         <input_file_ref idref="fl-d5"/>
      </object_component>
      <object_component id="oc-4a">
         <name>.debug_info</name>
         <load_address>0xd791</load_address>
         <run_address>0xd791</run_address>
         <size>0x1d2</size>
         <input_file_ref idref="fl-d5"/>
      </object_component>
      <object_component id="oc-85">
         <name>.debug_info</name>
         <load_address>0xd963</load_address>
         <run_address>0xd963</run_address>
         <size>0x46</size>
         <input_file_ref idref="fl-d5"/>
      </object_component>
      <object_component id="oc-48">
         <name>.debug_info</name>
         <load_address>0xd9a9</load_address>
         <run_address>0xd9a9</run_address>
         <size>0x17a</size>
         <input_file_ref idref="fl-d6"/>
      </object_component>
      <object_component id="oc-1d">
         <name>.debug_info</name>
         <load_address>0xdb23</load_address>
         <run_address>0xdb23</run_address>
         <size>0x1ea</size>
         <input_file_ref idref="fl-d6"/>
      </object_component>
      <object_component id="oc-43">
         <name>.debug_info</name>
         <load_address>0xdd0d</load_address>
         <run_address>0xdd0d</run_address>
         <size>0x46</size>
         <input_file_ref idref="fl-d6"/>
      </object_component>
      <object_component id="oc-7d">
         <name>.debug_info</name>
         <load_address>0xdd53</load_address>
         <run_address>0xdd53</run_address>
         <size>0x2c</size>
         <input_file_ref idref="fl-d6"/>
      </object_component>
      <object_component id="oc-7b">
         <name>.debug_info</name>
         <load_address>0xdd7f</load_address>
         <run_address>0xdd7f</run_address>
         <size>0x170</size>
         <input_file_ref idref="fl-d7"/>
      </object_component>
      <object_component id="oc-16">
         <name>.debug_info</name>
         <load_address>0xdeef</load_address>
         <run_address>0xdeef</run_address>
         <size>0x250</size>
         <input_file_ref idref="fl-d7"/>
      </object_component>
      <object_component id="oc-33">
         <name>.debug_info</name>
         <load_address>0xe13f</load_address>
         <run_address>0xe13f</run_address>
         <size>0x60</size>
         <input_file_ref idref="fl-d7"/>
      </object_component>
      <object_component id="oc-b5">
         <name>.debug_info</name>
         <load_address>0xe19f</load_address>
         <run_address>0xe19f</run_address>
         <size>0x46</size>
         <input_file_ref idref="fl-d7"/>
      </object_component>
      <object_component id="oc-76">
         <name>.debug_info</name>
         <load_address>0xe1e5</load_address>
         <run_address>0xe1e5</run_address>
         <size>0x39</size>
         <input_file_ref idref="fl-d7"/>
      </object_component>
      <object_component id="oc-2f9">
         <name>.debug_info</name>
         <load_address>0xe21e</load_address>
         <run_address>0xe21e</run_address>
         <size>0x172</size>
         <input_file_ref idref="fl-d8"/>
      </object_component>
      <object_component id="oc-1a1">
         <name>.debug_info</name>
         <load_address>0xe390</load_address>
         <run_address>0xe390</run_address>
         <size>0x1a9</size>
         <input_file_ref idref="fl-d8"/>
      </object_component>
      <object_component id="oc-6f">
         <name>.debug_info</name>
         <load_address>0xe539</load_address>
         <run_address>0xe539</run_address>
         <size>0x284</size>
         <input_file_ref idref="fl-d9"/>
      </object_component>
      <object_component id="oc-24">
         <name>.debug_info</name>
         <load_address>0xe7bd</load_address>
         <run_address>0xe7bd</run_address>
         <size>0x10c</size>
         <input_file_ref idref="fl-d9"/>
      </object_component>
      <object_component id="oc-3cd">
         <name>.debug_info</name>
         <load_address>0xe8c9</load_address>
         <run_address>0xe8c9</run_address>
         <size>0x13f</size>
         <input_file_ref idref="fl-d9"/>
      </object_component>
      <object_component id="oc-1aa">
         <name>.debug_info</name>
         <load_address>0xea08</load_address>
         <run_address>0xea08</run_address>
         <size>0x168</size>
         <input_file_ref idref="fl-d9"/>
      </object_component>
      <object_component id="oc-305">
         <name>.debug_info</name>
         <load_address>0xeb70</load_address>
         <run_address>0xeb70</run_address>
         <size>0x18e</size>
         <input_file_ref idref="fl-d9"/>
      </object_component>
      <object_component id="oc-312">
         <name>.debug_info</name>
         <load_address>0xecfe</load_address>
         <run_address>0xecfe</run_address>
         <size>0x19f</size>
         <input_file_ref idref="fl-d9"/>
      </object_component>
      <object_component id="oc-1b6">
         <name>.debug_info</name>
         <load_address>0xee9d</load_address>
         <run_address>0xee9d</run_address>
         <size>0x203</size>
         <input_file_ref idref="fl-d9"/>
      </object_component>
      <object_component id="oc-30b">
         <name>.debug_info</name>
         <load_address>0xf0a0</load_address>
         <run_address>0xf0a0</run_address>
         <size>0x1db</size>
         <input_file_ref idref="fl-d9"/>
      </object_component>
      <object_component id="oc-1b0">
         <name>.debug_info</name>
         <load_address>0xf27b</load_address>
         <run_address>0xf27b</run_address>
         <size>0x26e</size>
         <input_file_ref idref="fl-d9"/>
      </object_component>
      <object_component id="oc-2fb">
         <name>.debug_info</name>
         <load_address>0xf4e9</load_address>
         <run_address>0xf4e9</run_address>
         <size>0x299</size>
         <input_file_ref idref="fl-d9"/>
      </object_component>
      <object_component id="oc-b0">
         <name>.debug_info</name>
         <load_address>0xf782</load_address>
         <run_address>0xf782</run_address>
         <size>0xb2</size>
         <input_file_ref idref="fl-d9"/>
      </object_component>
      <object_component id="oc-ab">
         <name>.debug_info</name>
         <load_address>0xf834</load_address>
         <run_address>0xf834</run_address>
         <size>0x2c</size>
         <input_file_ref idref="fl-d9"/>
      </object_component>
      <object_component id="oc-2f7">
         <name>.debug_info</name>
         <load_address>0xf860</load_address>
         <run_address>0xf860</run_address>
         <size>0x161</size>
         <input_file_ref idref="fl-da"/>
      </object_component>
      <object_component id="oc-19b">
         <name>.debug_info</name>
         <load_address>0xf9c1</load_address>
         <run_address>0xf9c1</run_address>
         <size>0x245</size>
         <input_file_ref idref="fl-da"/>
      </object_component>
      <object_component id="oc-27">
         <name>.debug_info</name>
         <load_address>0xfc06</load_address>
         <run_address>0xfc06</run_address>
         <size>0x10b</size>
         <input_file_ref idref="fl-db"/>
      </object_component>
      <object_component id="oc-5c">
         <name>.debug_info</name>
         <load_address>0xfd11</load_address>
         <run_address>0xfd11</run_address>
         <size>0x1a9</size>
         <input_file_ref idref="fl-db"/>
      </object_component>
      <object_component id="oc-3b9">
         <name>.debug_info</name>
         <load_address>0xfeba</load_address>
         <run_address>0xfeba</run_address>
         <size>0x462</size>
         <input_file_ref idref="fl-dc"/>
      </object_component>
      <object_component id="oc-384">
         <name>.debug_info</name>
         <load_address>0x1031c</load_address>
         <run_address>0x1031c</run_address>
         <size>0x21e</size>
         <input_file_ref idref="fl-dc"/>
      </object_component>
      <object_component id="oc-40c">
         <name>.debug_info</name>
         <load_address>0x1053a</load_address>
         <run_address>0x1053a</run_address>
         <size>0x1b3</size>
         <input_file_ref idref="fl-dc"/>
      </object_component>
      <object_component id="oc-412">
         <name>.debug_info</name>
         <load_address>0x106ed</load_address>
         <run_address>0x106ed</run_address>
         <size>0x21b</size>
         <input_file_ref idref="fl-dc"/>
      </object_component>
      <object_component id="oc-38f">
         <name>.debug_info</name>
         <load_address>0x10908</load_address>
         <run_address>0x10908</run_address>
         <size>0x3bf</size>
         <input_file_ref idref="fl-dc"/>
      </object_component>
      <object_component id="oc-419">
         <name>.debug_info</name>
         <load_address>0x10cc7</load_address>
         <run_address>0x10cc7</run_address>
         <size>0x30b</size>
         <input_file_ref idref="fl-dc"/>
      </object_component>
      <object_component id="oc-41f">
         <name>.debug_info</name>
         <load_address>0x10fd2</load_address>
         <run_address>0x10fd2</run_address>
         <size>0x215</size>
         <input_file_ref idref="fl-dc"/>
      </object_component>
      <object_component id="oc-395">
         <name>.debug_info</name>
         <load_address>0x111e7</load_address>
         <run_address>0x111e7</run_address>
         <size>0x228</size>
         <input_file_ref idref="fl-dc"/>
      </object_component>
      <object_component id="oc-39b">
         <name>.debug_info</name>
         <load_address>0x1140f</load_address>
         <run_address>0x1140f</run_address>
         <size>0x303</size>
         <input_file_ref idref="fl-dc"/>
      </object_component>
[...]
         <name>I2C_IF_Close</name>
         <value>0x20006367</value>
         <object_component_ref idref="oc-cb"/>
      </symbol>
      <symbol id="sm-15b">
         <name>I2C_IF_Read</name>
         <value>0x20006209</value>
         <object_component_ref idref="oc-cb"/>
      </symbol>
      <symbol id="sm-15c">
         <name>I2C_IF_ReadFrom</name>
         <value>0x200062c5</value>
         <object_component_ref idref="oc-cb"/>
      </symbol>
      <symbol id="sm-15d">
         <name>I2C_IF_Write</name>
         <value>0x20006159</value>
         <object_component_ref idref="oc-cb"/>
      </symbol>
      <symbol id="sm-198">
         <name>ReadAccData</name>
         <value>0x20005daf</value>
         <object_component_ref idref="oc-97"/>
      </symbol>
      <symbol id="sm-199">
         <name>main</name>
         <value>0x20005e13</value>
         <object_component_ref idref="oc-97"/>
      </symbol>
      <symbol id="sm-1a7">
         <name>PinMuxConfig</name>
         <value>0x200070f1</value>
         <object_component_ref idref="oc-e9"/>
      </symbol>
      <symbol id="sm-1c6">
         <name>ResetISR</name>
         <value>0x20008787</value>
         <object_component_ref idref="oc-29"/>
      </symbol>
      <symbol id="sm-1c7">
         <name>g_pfnVectors</name>
         <value>0x20004000</value>
         <object_component_ref idref="oc-12"/>
      </symbol>
      <symbol id="sm-204">
         <name>GetCmd</name>
         <value>0x200063ff</value>
         <object_component_ref idref="oc-c5"/>
      </symbol>
      <symbol id="sm-205">
         <name>Message</name>
         <value>0x2000639b</value>
         <object_component_ref idref="oc-c5"/>
      </symbol>
      <symbol id="sm-206">
         <name>Report</name>
         <value>0x2000653d</value>
         <object_component_ref idref="oc-c5"/>
      </symbol>
      <symbol id="sm-207">
         <name>Error</name>
         <value>0x200063c7</value>
         <object_component_ref idref="oc-c5"/>
      </symbol>
      <symbol id="sm-208">
         <name>InitTerm</name>
         <value>0x2000637d</value>
         <object_component_ref idref="oc-c5"/>
      </symbol>
      <symbol id="sm-209">
         <name>ClearTerm</name>
         <value>0x200063bd</value>
         <object_component_ref idref="oc-c5"/>
      </symbol>
      <symbol id="sm-20a">
         <name>TrimSpace</name>
         <value>0x200064a5</value>
         <object_component_ref idref="oc-c5"/>
      </symbol>
      <symbol id="sm-21e">
         <name>GPIODirModeSet</name>
         <value>0x20008235</value>
         <object_component_ref idref="oc-246"/>
      </symbol>
      <symbol id="sm-21f">
         <name>GPIOPinWrite</name>
         <value>0x20008489</value>
         <object_component_ref idref="oc-269"/>
      </symbol>
      <symbol id="sm-298">
         <name>I2CMasterDataPut</name>
         <value>0x20008675</value>
         <object_component_ref idref="oc-1eb"/>
      </symbol>
      <symbol id="sm-299">
         <name>I2CMasterInitExpClk</name>
         <value>0x20007bf5</value>
         <object_component_ref idref="oc-203"/>
      </symbol>
      <symbol id="sm-29a">
         <name>I2CMasterSlaveAddrSet</name>
         <value>0x20008445</value>
         <object_component_ref idref="oc-1e5"/>
      </symbol>
      <symbol id="sm-29b">
         <name>I2CMasterDataGet</name>
         <value>0x2000876b</value>
         <object_component_ref idref="oc-1f1"/>
      </symbol>
      <symbol id="sm-29c">
         <name>I2CMasterIntEnableEx</name>
         <value>0x200085e5</value>
         <object_component_ref idref="oc-1fd"/>
      </symbol>
      <symbol id="sm-29d">
         <name>I2CMasterErr</name>
         <value>0x2000832b</value>
         <object_component_ref idref="oc-1df"/>
      </symbol>
      <symbol id="sm-29e">
         <name>I2CMasterTimeoutSet</name>
         <value>0x20008747</value>
         <object_component_ref idref="oc-1cd"/>
      </symbol>
      <symbol id="sm-29f">
         <name>I2CMasterControl</name>
         <value>0x20008735</value>
         <object_component_ref idref="oc-1d3"/>
      </symbol>
      <symbol id="sm-2a0">
         <name>I2CMasterEnable</name>
         <value>0x2000868b</value>
         <object_component_ref idref="oc-1f7"/>
      </symbol>
      <symbol id="sm-2a1">
         <name>I2CMasterIntStatusEx</name>
         <value>0x200084c9</value>
         <object_component_ref idref="oc-1d9"/>
      </symbol>
      <symbol id="sm-2a2">
         <name>I2CMasterIntClear</name>
         <value>0x200086a1</value>
         <object_component_ref idref="oc-1c7"/>
      </symbol>
      <symbol id="sm-2d1">
         <name>IntVTableBaseSet</name>
         <value>0x2000870d</value>
         <object_component_ref idref="oc-d1"/>
      </symbol>
      <symbol id="sm-2d2">
         <name>IntEnable</name>
         <value>0x20007751</value>
         <object_component_ref idref="oc-dd"/>
      </symbol>
      <symbol id="sm-2d3">
         <name>IntMasterEnable</name>
         <value>0x200087a1</value>
         <object_component_ref idref="oc-d7"/>
      </symbol>
      <symbol id="sm-31a">
         <name>PinTypeI2C</name>
         <value>0x20008523</value>
         <object_component_ref idref="oc-24c"/>
      </symbol>
      <symbol id="sm-31b">
         <name>PinTypeUART</name>
         <value>0x200085cb</value>
         <object_component_ref idref="oc-258"/>
      </symbol>
      <symbol id="sm-31c">
         <name>PinTypeGPIO</name>
         <value>0x2000826b</value>
         <object_component_ref idref="oc-240"/>
      </symbol>
      <symbol id="sm-31d">
         <name>PinConfigSet</name>
         <value>0x20007a61</value>
         <object_component_ref idref="oc-338"/>
      </symbol>
      <symbol id="sm-31e">
         <name>PinTypeSPI</name>
         <value>0x200085b1</value>
         <object_component_ref idref="oc-252"/>
      </symbol>
      <symbol id="sm-31f">
         <name>PinModeSet</name>
         <value>0x20008139</value>
         <object_component_ref idref="oc-23a"/>
      </symbol>
      <symbol id="sm-3a5">
         <name>PRCMPeripheralReset</name>
         <value>0x20007f0d</value>
         <object_component_ref idref="oc-f5"/>
      </symbol>
      <symbol id="sm-3a6">
         <name>PRCMPeripheralClkEnable</name>
         <value>0x200081f9</value>
         <object_component_ref idref="oc-ef"/>
      </symbol>
      <symbol id="sm-3a7">
         <name>PRCMPeripheralClockGet</name>
         <value>0x200079cd</value>
         <object_component_ref idref="oc-101"/>
      </symbol>
      <symbol id="sm-3a8">
         <name>PRCMCC3200MCUInit</name>
         <value>0x20006be5</value>
         <object_component_ref idref="oc-e3"/>
      </symbol>
      <symbol id="sm-3a9">
         <name>PRCMHIBRegWrite</name>
         <value>0x200086cd</value>
         <object_component_ref idref="oc-233"/>
      </symbol>
      <symbol id="sm-3aa">
         <name>PRCMSysResetCauseGet</name>
         <value>0x20008359</value>
         <object_component_ref idref="oc-227"/>
      </symbol>
      <symbol id="sm-3ab">
         <name>PRCMPeripheralClkDisable</name>
         <value>0x20008385</value>
         <object_component_ref idref="oc-209"/>
      </symbol>
      <symbol id="sm-3ac">
         <name>PRCMHIBRegRead</name>
         <value>0x200086b7</value>
         <object_component_ref idref="oc-22d"/>
      </symbol>
      <symbol id="sm-3f1">
         <name>SPICSEnable</name>
         <value>0x20008615</value>
         <object_component_ref idref="oc-26f"/>
      </symbol>
      <symbol id="sm-3f2">
         <name>SPIDataPut</name>
         <value>0x200084e7</value>
         <object_component_ref idref="oc-275"/>
      </symbol>
      <symbol id="sm-3f3">
         <name>SPIEnable</name>
         <value>0x2000862d</value>
         <object_component_ref idref="oc-10d"/>
      </symbol>
      <symbol id="sm-3f4">
         <name>SPIDataGet</name>
         <value>0x200084a9</value>
         <object_component_ref idref="oc-27b"/>
      </symbol>
      <symbol id="sm-3f5">
         <name>SPIConfigSetExpClk</name>
         <value>0x200077f9</value>
         <object_component_ref idref="oc-107"/>
      </symbol>
      <symbol id="sm-3f6">
         <name>SPIReset</name>
         <value>0x20008467</value>
         <object_component_ref idref="oc-fb"/>
      </symbol>
      <symbol id="sm-3f7">
         <name>SPICSDisable</name>
         <value>0x200085fd</value>
         <object_component_ref idref="oc-281"/>
      </symbol>
      <symbol id="sm-433">
         <name>UARTConfigSetExpClk</name>
         <value>0x20007cf3</value>
         <object_component_ref idref="oc-17c"/>
      </symbol>
      <symbol id="sm-434">
         <name>UARTDisable</name>
         <value>0x2000829d</value>
         <object_component_ref idref="oc-2c8"/>
      </symbol>
      <symbol id="sm-435">
         <name>UARTCharsAvail</name>
         <value>0x20008645</value>
         <object_component_ref idref="oc-18e"/>
      </symbol>
      <symbol id="sm-436">
         <name>UARTCharGetNonBlocking</name>
         <value>0x2000853f</value>
         <object_component_ref idref="oc-194"/>
      </symbol>
      <symbol id="sm-437">
         <name>UARTCharPut</name>
         <value>0x20008505</value>
         <object_component_ref idref="oc-182"/>
      </symbol>
      <symbol id="sm-438">
         <name>UARTEnable</name>
         <value>0x200083fd</value>
         <object_component_ref idref="oc-2ce"/>
      </symbol>
      <symbol id="sm-43c">
         <name>UtilsDelay</name>
         <value>0x200087bd</value>
         <object_component_ref idref="oc-331"/>
      </symbol>
      <symbol id="sm-446">
         <name>CPUcpsie</name>
         <value>0x200086f9</value>
         <object_component_ref idref="oc-217"/>
      </symbol>
      <symbol id="sm-476">
         <name>vsnprintf</name>
         <value>0x20008179</value>
         <object_component_ref idref="oc-188"/>
      </symbol>
      <symbol id="sm-48a">
         <name>__aeabi_ddiv</name>
         <value>0x20006e99</value>
         <object_component_ref idref="oc-124"/>
      </symbol>
      <symbol id="sm-495">
         <name>__aeabi_dmul</name>
         <value>0x20007309</value>
         <object_component_ref idref="oc-129"/>
      </symbol>
      <symbol id="sm-49f">
         <name>__aeabi_d2iz</name>
         <value>0x200080ad</value>
         <object_component_ref idref="oc-12e"/>
      </symbol>
      <symbol id="sm-4a9">
         <name>__aeabi_i2d</name>
         <value>0x200082fd</value>
         <object_component_ref idref="oc-11f"/>
      </symbol>
      <symbol id="sm-4c4">
         <name>memcpy</name>
         <value>0x20007899</value>
         <object_component_ref idref="oc-3d"/>
      </symbol>
      <symbol id="sm-4c5">
         <name>__aeabi_memcpy</name>
         <value>0x20007899</value>
         <object_component_ref idref="oc-3d"/>
      </symbol>
      <symbol id="sm-4c6">
         <name>__aeabi_memcpy8</name>
         <value>0x20007899</value>
         <object_component_ref idref="oc-3d"/>
      </symbol>
      <symbol id="sm-4c7">
         <name>__aeabi_memcpy4</name>
         <value>0x20007899</value>
         <object_component_ref idref="oc-3d"/>
      </symbol>
      <symbol id="sm-4d6">
         <name>__aeabi_memset</name>
         <value>0x20007c7b</value>
         <object_component_ref idref="oc-8b"/>
      </symbol>
      <symbol id="sm-4d7">
         <name>memset</name>
         <value>0x20007c81</value>
         <object_component_ref idref="oc-8b"/>
      </symbol>
      <symbol id="sm-4d8">
         <name>__aeabi_memset8</name>
         <value>0x20007c7b</value>
         <object_component_ref idref="oc-8b"/>
      </symbol>
      <symbol id="sm-4d9">
         <name>__aeabi_memset4</name>
         <value>0x20007c7b</value>
         <object_component_ref idref="oc-8b"/>
      </symbol>
      <symbol id="sm-4da">
         <name>__aeabi_memclr8</name>
         <value>0x20007c79</value>
         <object_component_ref idref="oc-8b"/>
      </symbol>
      <symbol id="sm-4db">
         <name>__aeabi_memclr4</name>
         <value>0x20007c79</value>
         <object_component_ref idref="oc-8b"/>
      </symbol>
      <symbol id="sm-4dc">
         <name>__aeabi_memclr</name>
         <value>0x20007c79</value>
         <object_component_ref idref="oc-8b"/>
      </symbol>
      <symbol id="sm-4e9">
         <name>__aeabi_uldivmod</name>
         <value>0x20007935</value>
         <object_component_ref idref="oc-3f4"/>
      </symbol>
      <symbol id="sm-4fd">
         <name>__TI_zero_init_nomemset</name>
         <value>0x2000855b</value>
         <object_component_ref idref="oc-49"/>
      </symbol>
      <symbol id="sm-514">
         <name>__TI_decompress_none</name>
         <value>0x20008779</value>
         <object_component_ref idref="oc-1b"/>
      </symbol>
      <symbol id="sm-537">
         <name>__TI_decompress_lzss</name>
         <value>0x20007e47</value>
         <object_component_ref idref="oc-15"/>
      </symbol>
      <symbol id="sm-548">
         <name>memmove</name>
         <value>0x200083d5</value>
         <object_component_ref idref="oc-1a0"/>
      </symbol>
      <symbol id="sm-5e6">
         <name>_sys_memory</name>
         <value>0x20017000</value>
         <object_component_ref idref="oc-23"/>
      </symbol>
      <symbol id="sm-5e7">
         <name>free</name>
         <value>0x20007405</value>
         <object_component_ref idref="oc-1b2"/>
      </symbol>
      <symbol id="sm-5e8">
         <name>realloc</name>
         <value>0x200074e9</value>
         <object_component_ref idref="oc-1ac"/>
      </symbol>
      <symbol id="sm-5e9">
         <name>memalign</name>
         <value>0x20007209</value>
         <object_component_ref idref="oc-2fa"/>
      </symbol>
      <symbol id="sm-5ea">
         <name>malloc</name>
         <value>0x200087b5</value>
         <object_component_ref idref="oc-1a6"/>
      </symbol>
      <symbol id="sm-5eb">
         <name>aligned_alloc</name>
         <value>0x20007209</value>
         <object_component_ref idref="oc-2fa"/>
      </symbol>
      <symbol id="sm-5f9">
         <name>strlen</name>
         <value>0x20008721</value>
         <object_component_ref idref="oc-19a"/>
      </symbol>
      <symbol id="sm-60b">
         <name>__stack</name>
         <value>0x2002f800</value>
         <object_component_ref idref="oc-26"/>
      </symbol>
      <symbol id="sm-60c">
         <name>_c_int00_noargs</name>
         <value>0x20008421</value>
         <object_component_ref idref="oc-5b"/>
      </symbol>
      <symbol id="sm-771">
         <name>__TI_printfi</name>
         <value>0x20004e81</value>
         <object_component_ref idref="oc-2d6"/>
      </symbol>
      <symbol id="sm-77b">
         <name>__aeabi_idiv0</name>
         <value>0x20005d87</value>
         <object_component_ref idref="oc-45d"/>
      </symbol>
      <symbol id="sm-77c">
         <name>__aeabi_ldiv0</name>
         <value>0x20005d87</value>
         <object_component_ref idref="oc-45d"/>
      </symbol>
      <symbol id="sm-793">
         <name>__aeabi_dsub</name>
         <value>0x20006a2d</value>
         <object_component_ref idref="oc-406"/>
      </symbol>
      <symbol id="sm-794">
         <name>__aeabi_dadd</name>
         <value>0x20006a37</value>
         <object_component_ref idref="oc-406"/>
      </symbol>
      <symbol id="sm-7b6">
         <name>__aeabi_cdcmpeq</name>
         <value>0x20007ae9</value>
         <object_component_ref idref="oc-389"/>
      </symbol>
      <symbol id="sm-7b7">
         <name>__aeabi_cdcmple</name>
         <value>0x20007ae9</value>
         <object_component_ref idref="oc-389"/>
      </symbol>
      <symbol id="sm-7b8">
         <name>__aeabi_cdrcmple</name>
         <value>0x20007b6f</value>
         <object_component_ref idref="oc-3fb"/>
      </symbol>
      <symbol id="sm-7e0">
         <name>__TI_auto_init_nobinit_nopinit</name>
         <value>0x200080f5</value>
         <object_component_ref idref="oc-14a"/>
      </symbol>
      <symbol id="sm-7ea">
         <name>_system_pre_init</name>
         <value>0x200087c3</value>
         <object_component_ref idref="oc-91"/>
      </symbol>
      <symbol id="sm-7f6">
         <name>C$$EXIT</name>
         <value>0x200087c7</value>
         <object_component_ref idref="oc-13e"/>
      </symbol>
      <symbol id="sm-7f7">
         <name>abort</name>
         <value>0x200087c7</value>
         <object_component_ref idref="oc-13e"/>
      </symbol>
      <symbol id="sm-80c">
         <name>_nop</name>
         <value>0x200058cf</value>
         <object_component_ref idref="oc-35c"/>
      </symbol>
      <symbol id="sm-80d">
         <name>_lock</name>
         <value>0x20017818</value>
         <object_component_ref idref="oc-2ac"/>
      </symbol>
      <symbol id="sm-80e">
         <name>_unlock</name>
         <value>0x2001781c</value>
         <object_component_ref idref="oc-2ac"/>
      </symbol>
      <symbol id="sm-81d">
         <name>__TI_ltoa</name>
         <value>0x20007fbb</value>
         <object_component_ref idref="oc-400"/>
      </symbol>
      <symbol id="sm-834">
         <name>atoi</name>
         <value>0x20008061</value>
         <object_component_ref idref="oc-37d"/>
      </symbol>
      <symbol id="sm-83f">
         <name>_ctypes_</name>
         <value>0x20008cc7</value>
         <object_component_ref idref="oc-3ef"/>
      </symbol>
      <symbol id="sm-84f">
         <name>memccpy</name>
         <value>0x20008595</value>
         <object_component_ref idref="oc-3a6"/>
      </symbol>
      <symbol id="sm-85f">
         <name>strchr</name>
         <value>0x200086e3</value>
         <object_component_ref idref="oc-432"/>
      </symbol>
      <symbol id="sm-875">
         <name>__aeabi_errno_addr</name>
         <value>0x200087ad</value>
         <object_component_ref idref="oc-3b2"/>
      </symbol>
      <symbol id="sm-876">
         <name>errno</name>
         <value>0x20017828</value>
         <object_component_ref idref="oc-442"/>
      </symbol>
      <symbol id="sm-88f">
         <name>wcslen</name>
         <value>0x20008759</value>
         <object_component_ref idref="oc-3ac"/>
      </symbol>
      <symbol id="sm-8af">
         <name>frexpl</name>
         <value>0x20007eb1</value>
         <object_component_ref idref="oc-426"/>
      </symbol>
      <symbol id="sm-8b0">
         <name>frexp</name>
         <value>0x20007eb1</value>
         <object_component_ref idref="oc-426"/>
      </symbol>
      <symbol id="sm-8ce">
         <name>scalbn</name>
         <value>0x200075cd</value>
         <object_component_ref idref="oc-42c"/>
      </symbol>
      <symbol id="sm-8cf">
         <name>scalbnl</name>
         <value>0x200075cd</value>
         <object_component_ref idref="oc-42c"/>
      </symbol>
      <symbol id="sm-8d0">
         <name>ldexpl</name>
         <value>0x200075cd</value>
         <object_component_ref idref="oc-42c"/>
      </symbol>
      <symbol id="sm-8d1">
         <name>ldexp</name>
         <value>0x200075cd</value>
         <object_component_ref idref="oc-42c"/>
      </symbol>
      <symbol id="sm-8db">
         <name>copysign</name>
         <value>0x20008795</value>
         <object_component_ref idref="oc-472"/>
      </symbol>
      <symbol id="sm-8dc">
         <name>copysignl</name>
         <value>0x20008795</value>
         <object_component_ref idref="oc-472"/>
      </symbol>
      <symbol id="sm-8dd">
         <name>__TI_static_base__</name>
         <value>0x20008f90</value>
      </symbol>
      <symbol id="sm-8e0">
         <name>__mpu_init</name>
         <value>0x0</value>
      </symbol>
      <symbol id="sm-8e1">
         <name>_system_post_cinit</name>
         <value>0x0</value>
      </symbol>
   </symbol_table>
   <title>Link successful</title>
</link_info>
